// Jest Snapshot v1, https://goo.gl/fbAQLP

exports[`tracing off screen matches snapshot 1`] = `
<View
  collapsable={true}
  pointerEvents="box-none"
  style={
    Object {
      "flex": 1,
    }
  }
>
  <View
    accessibilityIgnoresInvertColors={true}
    style={
      Object {
        "flex": 1,
        "height": "100%",
        "justifyContent": "flex-end",
        "resizeMode": "cover",
        "width": "100%",
      }
    }
  >
    <Image
      source={
        Object {
          "testUri": "../../../app/assets/images/launchScreenBackground.png",
        }
      }
      style={
        Array [
          Object {
            "bottom": 0,
            "left": 0,
            "position": "absolute",
            "right": 0,
            "top": 0,
          },
          Object {
            "height": "100%",
            "width": "100%",
          },
          undefined,
        ]
      }
    />
    <View
      style={
        Object {
          "alignItems": "center",
          "left": 0,
          "position": "absolute",
          "resizeMode": "contain",
          "right": 0,
          "top": "-17%",
        }
      }
    >
      <SvgXml
        height={1334}
        width={1334}
        xml="<svg width=\\"850\\" height=\\"850\\" viewBox=\\"0 0 850 850\\" fill=\\"none\\" xmlns=\\"http://www.w3.org/2000/svg\\">
  <defs>
    <linearGradient x1=\\"100%\\" y1=\\"50%\\" x2=\\"2.20122466%\\" y2=\\"50%\\" id=\\"linearGradient-1\\">
        <stop stop-color=\\"#DBDBDB\\" offset=\\"0%\\"></stop>
        <stop stop-color=\\"#B7B7B7\\" offset=\\"100%\\"></stop>
    </linearGradient>
  </defs>
  <g id=\\"Page-1\\" stroke=\\"none\\" stroke-width=\\"1\\" fill=\\"none\\" fill-rule=\\"evenodd\\">
  <g id=\\"No-Data-Match\\">
      <circle id=\\"Oval\\" stroke=\\"#FFFFFF\\" opacity=\\"0.2\\" cx=\\"425\\" cy=\\"425\\" r=\\"85.5\\"></circle>
      <circle id=\\"Oval\\" stroke=\\"#FFFFFF\\" opacity=\\"0.2\\" cx=\\"425\\" cy=\\"425\\" r=\\"149.5\\"></circle>
      <circle id=\\"Oval\\" stroke=\\"#FFFFFF\\" opacity=\\"0.2\\" cx=\\"425\\" cy=\\"425\\" r=\\"217.5\\"></circle>
      <circle id=\\"Oval\\" stroke=\\"#FFFFFF\\" opacity=\\"0.2\\" cx=\\"425\\" cy=\\"425\\" r=\\"283.5\\"></circle>
      <circle id=\\"Oval\\" stroke=\\"#FFFFFF\\" opacity=\\"0.2\\" cx=\\"425\\" cy=\\"425\\" r=\\"352.5\\"></circle>
      <circle id=\\"Oval\\" stroke=\\"#FFFFFF\\" opacity=\\"0.2\\" cx=\\"425\\" cy=\\"425\\" r=\\"424.5\\"></circle>
      <path d=\\"M425,465 C447.091,465 465,447.091 465,425 C465,402.909 447.091,385 425,385 C402.909,385 385,402.909 385,425 C385,447.091 402.909,465 425,465 Z\\" id=\\"Path\\" fill=\\"#FFFFFF\\" fill-rule=\\"nonzero\\"></path>
      <path d=\\"M425,457 C442.673,457 457,442.673 457,425 C457,407.327 442.673,393 425,393 C407.327,393 393,407.327 393,425 C393,442.673 407.327,457 425,457 Z\\" id=\\"Path\\" fill=\\"url(#linearGradient-1)\\" fill-rule=\\"nonzero\\"></path>
      <circle id=\\"Oval\\" stroke=\\"#FFFFFF\\" stroke-width=\\"3\\" cx=\\"425\\" cy=\\"425\\" r=\\"12\\"></circle>
  </g>
  </g>
</svg>"
      />
    </View>
    <View
      style={
        Object {
          "height": "100%",
          "left": 0,
          "paddingBottom": 12,
          "paddingHorizontal": "12%",
          "position": "absolute",
          "right": 0,
          "top": "-10%",
        }
      }
    >
      <View
        style={
          Object {
            "alignItems": "center",
            "flex": 1,
            "justifyContent": "flex-end",
            "paddingBottom": 40,
          }
        }
      />
      <View
        style={
          Object {
            "alignItems": "center",
            "flex": 1,
            "justifyContent": "flex-start",
            "paddingTop": 80,
          }
        }
      >
        <Text
          style={
            Object {
              "color": "#ffffff",
              "fontFamily": "IBMPlexSans-Medium",
              "fontSize": 26,
              "lineHeight": 34,
              "marginBottom": 24,
              "textAlign": "center",
            }
          }
        >
          Location Access Disabled
        </Text>
        <Text
          style={
            Array [
              Object {
                "color": "#2e2e2e",
                "fontSize": 17,
                "lineHeight": 28,
              },
              Object {
                "writingDirection": "ltr",
              },
              Object {
                "color": "#ffffff",
                "fontFamily": "IBMPlexSans",
                "fontSize": 18,
                "lineHeight": 24.5,
                "marginBottom": 24,
                "textAlign": "center",
              },
            ]
          }
        >
          PathCheck needs location access in Settings to privately save the places you visit
        </Text>
        <View
          accessibilityLabel="Allow Location Access"
          accessibilityRole="button"
          accessible={true}
          focusable={false}
          isTVSelectable={true}
          style={
            Object {
              "alignContent": "center",
              "alignItems": "center",
              "alignSelf": "stretch",
              "backgroundColor": "#ffffff",
              "borderBottomLeftRadius": 8,
              "borderBottomRightRadius": 8,
              "borderColor": "transparent",
              "borderStyle": "solid",
              "borderTopLeftRadius": 8,
              "borderTopRightRadius": 8,
              "borderWidth": 2,
              "flexDirection": "row",
              "height": 54,
              "justifyContent": "center",
              "marginTop": 24,
              "opacity": 1,
              "paddingHorizontal": 16,
            }
          }
        >
          <Text
            style={
              Array [
                Object {
                  "color": "#2e2e2e",
                  "fontSize": 17,
                  "lineHeight": 28,
                },
                Object {
                  "writingDirection": "ltr",
                },
                Object {
                  "color": "#1f2c9b",
                  "fontFamily": "IBMPlexSans-Medium",
                  "fontSize": 20,
                  "fontWeight": "normal",
                  "lineHeight": 40,
                },
              ]
            }
          >
            Allow Location Access
          </Text>
        </View>
      </View>
    </View>
  </View>
</View>
`;
